=== godot exit:  (killed=False) ===
Godot Engine v4.7.2.stable.official.ed1daf0bf - https://godotengine.org

DSH-RL 无头模拟器  runs=6 max_frames=24000

  run 0 seed=3000 → floor_clear：房 9/11，杀 31，承伤 56（{ "spike": 24 }），帧 42659，TTK中位 3.2s
     尾事件：[{ "frame": 9420, "kind": "jump", "data": { "who": 0, "n": 1 } }, { "frame": 9507, "kind": "jump", "data": { "who": 0, "n": 2 } }, { "frame": 9546, "kind": "jump", "data": { "who": 0, "n": 1 } }, { "frame": 9594, "kind": "jump", "data": { "who": 0, "n": 1 } }, { "frame": 9644, "kind": "jump", "data": { "who": 0, "n": 1 } }, { "frame": 9693, "kind": "jump", "data": { "who": 0, "n": 1 } }, { "frame": 9693, "kind": "hit", "data": { "who": 0, "dmg": 8, "blocked": false } }, { "frame": 9693, "kind": "spike", "data": { "who": 0, "cell": [679, 27] } }, { "frame": 9712, "kind": "jump", "data": { "who": 0, "n": 1 } }, { "frame": 9750, "kind": "floor_clear", "data": { "floor": 1 } }]
     轨迹尾：["9540|x10787|y441|vy300|fall|ogfalse|jb0|jmpfalse|hp100|br8|face-1|vx192|Ltrue|Rfalse|near10728,464,chase,56|tgt683,27|pn3|sf0", "9570|x10761|y352|vy133|fall|ogfalse|jb0|jmpfalse|hp100|br8|face1|vx96|Lfalse|Rtrue|near9291,398,chase,1469|tgt683,27|pn3|sf0", "9600|x10813|y381|vy-467|jump|ogfalse|jb0|jmpfalse|hp100|br8|face1|vx240|Lfalse|Rtrue|near10728,464,chase,81|tgt683,27|pn2|sf0", "9630|x10864|y391|vy300|fall|ogfalse|jb0|jmpfalse|hp100|br8|face-1|vx-192|Ltrue|Rfalse|near10728,464,chase,139|tgt683,27|pn2|sf0", "9660|x10877|y334|vy-133|jump|ogfalse|jb0|jmpfalse|hp100|br8|face-1|vx-24|Ltrue|Rfalse|near10877,250,chase,0|tgt683,27|pn2|sf2", "9690|x10855|y441|vy300|fall|ogfalse|jb0|jmpfalse|hp100|br8|face1|vx240|Lfalse|Rtrue|near10728,464,chase,123|tgt683,27|pn1|sf0", "9720|x10903|y367|vy-400|jump|ogfalse|jb0|jmpfalse|hp92|br8|face1|vx240|Lfalse|Rtrue|near10728,464,chase,171|tgt683,27|pn1|sf0", "9750|x10935|y401|vy300|fall|ogfalse|jb0|jmpfalse|hp100|br8|face1|vx0|Lfalse|Rfalse|near10728,464,chase,207|tgt683,27|pn1|sf21"]
     现场：玩家 p=(10935,401) 格=(683,25) 开格数=12
   (682,23) 字符=. 阻挡=false
   (683,23) 字符=. 阻挡=false
   (684,23) 字符=# 阻挡=true
   (685,23) 字符=# 阻挡=true
   (682,24) 字符=. 阻挡=false
   (683,24) 字符=. 阻挡=false
   (684,24) 字符=# 阻挡=true
   (685,24) 字符=# 阻挡=true
   (682,25) 字符=. 阻挡=false
   (683,25) 字符=. 阻挡=false
   (684,25) 字符=# 阻挡=true
   (685,25) 字符=# 阻挡=true
   (682,26) 字符=. 阻挡=false
   (683,26) 字符=. 阻挡=false
   (684,26) 字符=# 阻挡=true
   (685,26) 字符=# 阻挡=true
   (682,27) 字符=. 阻挡=false
   (683,27) 字符=. 阻挡=false
   (684,27) 字符=# 阻挡=true
   (685,27) 字符=# 阻挡=true
 22 .........????????
 23 .........????????
 24 .........????????
 25 .........????????
 26 .........????????
 27 ....^....????????
 28 ..#######????????
 29 .########????????
     钥匙：拿到=["key_f1"] 场上=[{ "name": "key_f1", "cell": (183, 24), "taken": true }] 门=[{ "mid": "gate_key_f1", "key": "key_f1", "open": true, "cells": 6 }, { "mid": "gate_switch_f1", "key": "", "open": true, "cells": 6 }]
  run 1 seed=10919 → floor_clear：房 4/11，杀 10，承伤 48（{ "spike": 32 }），帧 32408，TTK中位 3.0s
     尾事件：[{ "frame": 8214, "kind": "jump", "data": { "who": 0, "n": 1 } }, { "frame": 8263, "kind": "jump", "data": { "who": 0, "n": 2 } }, { "frame": 8303, "kind": "hit", "data": { "who": 1016, "dmg": 20, "blocked": false } }, { "frame": 8303, "kind": "player_hit", "data": { "dmg": 20, "blocked": false, "combo": 1 } }, { "frame": 8329, "kind": "kill", "data": { "who": 1016, "kind": "enemy", "by": 0 } }, { "frame": 8329, "kind": "player_hit", "data": { "dmg": 15, "blocked": false, "combo": 2 } }, { "frame": 8329, "kind": "enemy_died", "data": { "who": 1016, "arch": "rusher", "x": 10918, "y": 351 } }, { "frame": 8329, "kind": "heal", "data": { "who": 0, "amount": 2, "source": "on_kill" } }, { "frame": 8346, "kind": "jump", "data": { "who": 0, "n": 1 } }, { "frame": 8408, "kind": "floor_clear", "data": { "floor": 1 } }]
     轨迹尾：["8190|x10895|y222|vy100|fall|ogfalse|jb0|jmpfalse|hp84|br8|face-1|vx-120|Ltrue|Rfalse|near10791,270,chase,107|tgt695,20|pn4|sf0", "8220|x10927|y253|vy-467|jump|ogfalse|jb0|jmpfalse|hp84|br8|face1|vx240|Lfalse|Rtrue|near5897,186,chase,5027|tgt695,20|pn3|sf0", "8250|x10971|y263|vy300|fall|ogfalse|jb0|jmpfalse|hp84|br8|face-1|vx-216|Ltrue|Rfalse|near10851,309,chase,124|tgt695,20|pn3|sf0", "8280|x10988|y250|vy40|fall|ogfalse|jb0|jmpfalse|hp84|br8|face-1|vx72|Ltrue|Rfalse|near10899,320,chase,88|tgt695,20|pn3|sf0", "8310|x10921|y336|vy33|air_attack|ogfalse|jb0|jmpfalse|hp84|br52|face-1|vx-216|Lfalse|Rfalse|nearB5 near=10918.3 me=10924.7 want=-1 face=-1|tgt695,20|pn2|sf0", "8340|x10918|y351|vy0|attack1|ogtrue|jb5|jmptrue|hp86|br8|face-1|vx0|Lfalse|Rtrue|near8024,368,chase,2894|tgt695,20|pn2|sf13", "8370|x10996|y240|vy133|fall|ogfalse|jb0|jmpfalse|hp86|br8|face1|vx240|Lfalse|Rtrue|near5897,190,chase,5096|tgt695,20|pn2|sf0", "8400|x11073|y335|vy0|run|ogtrue|jb0|jmpfalse|hp86|br8|face1|vx240|Lfalse|Rtrue|near8024,368,chase,3045|tgt695,20|pn1|sf0"]
     现场：玩家 p=(11105,336) 格=(694,20) 开格数=12
   (693,18) 字符=. 阻挡=false
   (694,18) 字符=. 阻挡=false
   (695,18) 字符=. 阻挡=false
   (696,18) 字符=# 阻挡=true
   (693,19) 字符=. 阻挡=false
   (694,19) 字符=. 阻挡=false
   (695,19) 字符=. 阻挡=false
   (696,19) 字符=# 阻挡=true
   (693,20) 字符=. 阻挡=false
   (694,20) 字符=. 阻挡=false
   (695,20) 字符=. 阻挡=false
   (696,20) 字符=# 阻挡=true
   (693,21) 字符=# 阻挡=true
   (694,21) 字符=# 阻挡=true
   (695,21) 字符=# 阻挡=true
   (696,21) 字符=# 阻挡=true
   (693,22) 字符=# 阻挡=true
   (694,22) 字符=# 阻挡=true
   (695,22) 字符=# 阻挡=true
   (696,22) 字符=# 阻挡=true
 17 ..........???????
 18 ..........???????
 19 ..........???????
 20 ..........???????
 21 #..#######???????
 22 ##########???????
 23 ##########???????
 24 ##########???????
     钥匙：拿到=["key_f1"] 场上=[{ "name": "key_f1", "cell": (177, 26), "taken": true }] 门=[{ "mid": "gate_key_f1", "key": "key_f1", "open": true, "cells": 6 }, { "mid": "gate_switch_f1", "key": "", "open": true, "cells": 6 }]
  run 2 seed=18838 → playing：房 6/11，杀 6，承伤 96（{ "spike": 96 }），帧 6691，TTK中位 2.2s
     尾事件：[{ "frame": 5612, "kind": "spike", "data": { "who": 0, "cell": [357, 22] } }, { "frame": 5631, "kind": "jump", "data": { "who": 0, "n": 1 } }, { "frame": 5681, "kind": "jump", "data": { "who": 0, "n": 1 } }, { "frame": 5681, "kind": "hit", "data": { "who": 0, "dmg": 8, "blocked": false } }, { "frame": 5681, "kind": "spike", "data": { "who": 0, "cell": [357, 22] } }, { "frame": 5700, "kind": "jump", "data": { "who": 0, "n": 1 } }, { "frame": 5745, "kind": "block", "data": { "who": 0, "dmg": 2 } }, { "frame": 5745, "kind": "hit", "data": { "who": 0, "dmg": 8, "blocked": true } }, { "frame": 5745, "kind": "spike", "data": { "who": 0, "cell": [357, 22] } }, { "frame": 5750, "kind": "jump", "data": { "who": 0, "n": 1 } }]
     轨迹尾：["6480|x5711|y367|vy0|block|ogtrue|jb0|jmpfalse|hp22|br32|face-1|vx-0|Lfalse|Rtrue|near5711,368,chase,1|tgt521,24|pn37|sf689", "6510|x5711|y367|vy0|block|ogtrue|jb0|jmpfalse|hp22|br32|face-1|vx-0|Lfalse|Rtrue|near5711,368,chase,1|tgt521,24|pn37|sf719", "6540|x5711|y367|vy0|block|ogtrue|jb0|jmpfalse|hp22|br32|face-1|vx-0|Lfalse|Rtrue|near5711,368,chase,1|tgt521,24|pn37|sf749", "6570|x5711|y367|vy0|block|ogtrue|jb0|jmpfalse|hp22|br32|face-1|vx-0|Lfalse|Rtrue|near5711,368,chase,1|tgt521,24|pn37|sf779", "6600|x5711|y367|vy0|block|ogtrue|jb0|jmpfalse|hp22|br32|face-1|vx-0|Lfalse|Rtrue|near5711,368,chase,1|tgt521,24|pn37|sf809", "6630|x5711|y367|vy0|block|ogtrue|jb0|jmpfalse|hp22|br32|face-1|vx-0|Lfalse|Rtrue|near5711,368,chase,1|tgt521,24|pn37|sf839", "6660|x5711|y367|vy0|block|ogtrue|jb0|jmpfalse|hp22|br32|face-1|vx-0|Lfalse|Rtrue|near5711,368,chase,1|tgt521,24|pn37|sf869", "6690|x5711|y367|vy0|block|ogtrue|jb0|jmpfalse|hp22|br32|face-1|vx-0|Lfalse|Rtrue|near5711,368,chase,1|tgt521,24|pn37|sf899"]
     现场：玩家 p=(5712,368) 格=(356,22) 开格数=6
   (355,20) 字符=. 阻挡=false
   (356,20) 字符=. 阻挡=false
   (357,20) 字符=. 阻挡=false
   (358,20) 字符=. 阻挡=false
   (355,21) 字符=. 阻挡=false
   (356,21) 字符=. 阻挡=false
   (357,21) 字符=. 阻挡=false
   (358,21) 字符=. 阻挡=false
   (355,22) 字符=. 阻挡=false
   (356,22) 字符=. 阻挡=false
   (357,22) 字符=^ 阻挡=false
   (358,22) 字符=. 阻挡=false
   (355,23) 字符=# 阻挡=true
   (356,23) 字符=# 阻挡=true
   (357,23) 字符=# 阻挡=true
   (358,23) 字符=# 阻挡=true
   (355,24) 字符=# 阻挡=true
   (356,24) 字符=# 阻挡=true
   (357,24) 字符=# 阻挡=true
   (358,24) 字符=# 阻挡=true
 19 .................
 20 .................
 21 .................
 22 ##....#..^.......
 23 ###########......
 24 #################
 25 #################
 26 #################
     钥匙：拿到=["key_f1"] 场上=[{ "name": "key_f1", "cell": (189, 23), "taken": true }] 门=[{ "mid": "gate_key_f1", "key": "key_f1", "open": true, "cells": 6 }, { "mid": "gate_switch_f1", "key": "", "open": false, "cells": 6 }]
  run 3 seed=26757 → playing：房 4/11，杀 5，承伤 0（{  }），帧 24000，TTK中位 7.0s
     尾事件：[{ "frame": 3121, "kind": "enemy_died", "data": { "who": 1004, "arch": "exploder", "x": 3065, "y": 351 } }, { "frame": 3121, "kind": "loot_drop", "data": { "cell": "(191, 21)", "rarity": 1 } }, { "frame": 3121, "kind": "pickup", "data": { "item": "weapon_1_5004", "name": "短剑", "rarity": 1 } }, { "frame": 3148, "kind": "kill", "data": { "who": 1005, "kind": "enemy", "by": 0 } }, { "frame": 3148, "kind": "player_hit", "data": { "dmg": 36, "blocked": false, "combo": 4 } }, { "frame": 3148, "kind": "enemy_died", "data": { "who": 1005, "arch": "caster", "x": 3064, "y": 351 } }, { "frame": 3177, "kind": "jump", "data": { "who": 0, "n": 1 } }, { "frame": 3200, "kind": "jump", "data": { "who": 0, "n": 1 } }, { "frame": 3223, "kind": "jump", "data": { "who": 0, "n": 1 } }, { "frame": 3276, "kind": "jump", "data": { "who": 0, "n": 1 } }]
     轨迹尾：["23790|x3488|y127|vy0|run|ogtrue|jb0|jmpfalse|hp100|br65|face1|vx240|Lfalse|Rtrue|near6186,52,patrol,2701|tgt218,21|pn0|sf0", "23820|x3488|y127|vy0|run|ogtrue|jb0|jmpfalse|hp100|br65|face1|vx240|Lfalse|Rtrue|near6186,52,patrol,2701|tgt218,21|pn0|sf0", "23850|x3488|y127|vy0|run|ogtrue|jb0|jmpfalse|hp100|br65|face1|vx240|Lfalse|Rtrue|near6186,52,patrol,2701|tgt218,21|pn0|sf0", "23880|x3488|y127|vy0|run|ogtrue|jb0|jmpfalse|hp100|br65|face1|vx240|Lfalse|Rtrue|near6186,52,patrol,2701|tgt218,21|pn0|sf0", "23910|x3488|y127|vy0|run|ogtrue|jb0|jmpfalse|hp100|br65|face1|vx240|Lfalse|Rtrue|near6186,52,patrol,2701|tgt218,21|pn0|sf0", "23940|x3488|y127|vy0|run|ogtrue|jb0|jmpfalse|hp100|br65|face1|vx240|Lfalse|Rtrue|near6186,52,patrol,2701|tgt218,21|pn0|sf0", "23970|x3488|y127|vy0|run|ogtrue|jb0|jmpfalse|hp100|br65|face1|vx240|Lfalse|Rtrue|near6186,52,patrol,2701|tgt218,21|pn0|sf0", "24000|x3488|y127|vy0|run|ogtrue|jb0|jmpfalse|hp100|br65|face1|vx240|Lfalse|Rtrue|near6186,52,patrol,2701|tgt218,21|pn0|sf0"]
     现场：玩家 p=(3489,128) 格=(218,7) 开格数=0
   (217,5) 字符=. 阻挡=false
   (218,5) 字符=. 阻挡=false
   (219,5) 字符=. 阻挡=false
   (220,5) 字符=. 阻挡=false
   (217,6) 字符=. 阻挡=false
   (218,6) 字符=. 阻挡=false
   (219,6) 字符=. 阻挡=false
   (220,6) 字符=. 阻挡=false
   (217,7) 字符=. 阻挡=false
   (218,7) 字符=. 阻挡=false
   (219,7) 字符=. 阻挡=false
   (220,7) 字符=. 阻挡=false
   (217,8) 字符=# 阻挡=true
   (218,8) 字符=# 阻挡=true
   (219,8) 字符=# 阻挡=true
   (220,8) 字符=# 阻挡=true
   (217,9) 字符=. 阻挡=false
   (218,9) 字符=. 阻挡=false
   (219,9) 字符=. 阻挡=false
   (220,9) 字符=. 阻挡=false
  4 .................
  5 .................
  6 .................
  7 .................
  8 #################
  9 .................
 10 .................
 11 .................
     钥匙：拿到=[] 场上=[{ "name": "key_f1", "cell": (218, 21), "taken": false }] 门=[{ "mid": "gate_key_f1", "key": "key_f1", "open": false, "cells": 6 }, { "mid": "gate_switch_f1", "key": "", "open": false, "cells": 6 }]
  run 4 seed=34676 → floor_clear：房 4/11，杀 26，承伤 112（{ "spike": 40 }），帧 43267，TTK中位 6.2s
     尾事件：[{ "frame": 7976, "kind": "jump", "data": { "who": 0, "n": 1 } }, { "frame": 8001, "kind": "jump", "data": { "who": 0, "n": 1 } }, { "frame": 8026, "kind": "jump", "data": { "who": 0, "n": 1 } }, { "frame": 8049, "kind": "jump", "data": { "who": 0, "n": 1 } }, { "frame": 8072, "kind": "jump", "data": { "who": 0, "n": 1 } }, { "frame": 8095, "kind": "jump", "data": { "who": 0, "n": 2 } }, { "frame": 8137, "kind": "jump", "data": { "who": 0, "n": 1 } }, { "frame": 8251, "kind": "pickup", "data": { "item": "weapon_1_9", "name": "匕首", "rarity": 0 } }, { "frame": 8263, "kind": "jump", "data": { "who": 0, "n": 1 } }, { "frame": 8339, "kind": "floor_clear", "data": { "floor": 1 } }]
     轨迹尾：["8100|x9823|y118|vy-360|jump|ogfalse|jb0|jmpfalse|hp78|br8|face1|vx120|Lfalse|Rtrue|nearnull|tgt647,21|pn8|sf0", "8130|x9818|y159|vy0|land|ogtrue|jb0|jmpfalse|hp78|br8|face1|vx24|Lfalse|Rtrue|nearnull|tgt647,21|pn8|sf2", "8160|x9945|y47|vy100|fall|ogfalse|jb0|jmpfalse|hp78|br8|face-1|vx187|Ltrue|Rfalse|nearnull|tgt647,21|pn6|sf0", "8190|x9930|y159|vy0|run|ogtrue|jb0|jmpfalse|hp78|br8|face1|vx259|Lfalse|Rtrue|nearnull|tgt647,21|pn5|sf0", "8220|x10060|y159|vy0|run|ogtrue|jb0|jmpfalse|hp78|br8|face1|vx259|Lfalse|Rtrue|nearnull|tgt647,21|pn4|sf0", "8250|x10189|y159|vy0|run|ogtrue|jb0|jmpfalse|hp78|br8|face1|vx259|Lfalse|Rtrue|nearnull|tgt647,21|pn2|sf0", "8280|x10319|y44|vy-100|jump|ogfalse|jb0|jmpfalse|hp78|br8|face1|vx259|Lfalse|Rtrue|nearnull|tgt647,21|pn1|sf0", "8310|x10358|y159|vy300|fall|ogfalse|jb0|jmpfalse|hp78|br8|face1|vx0|Lfalse|Rfalse|nearnull|tgt647,21|pn1|sf20"]
     现场：玩家 p=(10358,304) 格=(647,19) 开格数=12
   (646,17) 字符=. 阻挡=false
   (647,17) 字符=. 阻挡=false
   (648,17) 字符=# 阻挡=true
   (649,17) 字符=# 阻挡=true
   (646,18) 字符=. 阻挡=false
   (647,18) 字符=. 阻挡=false
   (648,18) 字符=# 阻挡=true
   (649,18) 字符=# 阻挡=true
   (646,19) 字符=. 阻挡=false
   (647,19) 字符=. 阻挡=false
   (648,19) 字符=# 阻挡=true
   (649,19) 字符=# 阻挡=true
   (646,20) 字符=. 阻挡=false
   (647,20) 字符=. 阻挡=false
   (648,20) 字符=# 阻挡=true
   (649,20) 字符=# 阻挡=true
   (646,21) 字符=. 阻挡=false
   (647,21) 字符=. 阻挡=false
   (648,21) 字符=# 阻挡=true
   (649,21) 字符=# 阻挡=true
 16 .........????????
 17 .........????????
 18 .........????????
 19 .........????????
 20 .........????????
 21 .........????????
 22 #.#######????????
 23 #########????????
     钥匙：拿到=["key_f1"] 场上=[{ "name": "key_f1", "cell": (248, 20), "taken": true }] 门=[{ "mid": "gate_key_f1", "key": "key_f1", "open": true, "cells": 6 }, { "mid": "gate_switch_f1", "key": "", "open": true, "cells": 6 }]
  run 5 seed=42595 → floor_clear：房 4/11，杀 5，承伤 32（{ "spike": 32 }），帧 32104，TTK中位 7.0s
     尾事件：[{ "frame": 7815, "kind": "block", "data": { "who": 1015, "dmg": 6 } }, { "frame": 7815, "kind": "kill", "data": { "who": 1015, "kind": "enemy", "by": 0 } }, { "frame": 7815, "kind": "player_hit", "data": { "dmg": 31, "blocked": true, "combo": 9 } }, { "frame": 7815, "kind": "enemy_died", "data": { "who": 1015, "arch": "shielded", "x": 10358, "y": 431 } }, { "frame": 7815, "kind": "heal", "data": { "who": 0, "amount": 2, "source": "on_kill" } }, { "frame": 7844, "kind": "jump", "data": { "who": 0, "n": 1 } }, { "frame": 7867, "kind": "jump", "data": { "who": 0, "n": 1 } }, { "frame": 7895, "kind": "jump", "data": { "who": 0, "n": 1 } }, { "frame": 8027, "kind": "jump", "data": { "who": 0, "n": 1 } }, { "frame": 8104, "kind": "floor_clear", "data": { "floor": 1 } }]
     轨迹尾：["7890|x10370|y220|vy100|fall|ogfalse|jb0|jmpfalse|hp78|br8|face1|vx216|Lfalse|Rtrue|near6185,250,chase,4182|tgt683,25|pn8|sf0", "7920|x10487|y115|vy167|fall|ogfalse|jb0|jmpfalse|hp78|br8|face-1|vx168|Ltrue|Rfalse|nearnull|tgt683,25|pn6|sf0", "7950|x10482|y223|vy0|run|ogtrue|jb0|jmpfalse|hp78|br8|face1|vx240|Lfalse|Rtrue|near6185,241,chase,4293|tgt683,25|pn5|sf0", "7980|x10602|y223|vy0|run|ogtrue|jb0|jmpfalse|hp78|br8|face1|vx240|Lfalse|Rtrue|near6185,238,chase,4413|tgt683,25|pn4|sf0", "8010|x10722|y223|vy0|run|ogtrue|jb0|jmpfalse|hp78|br8|face1|vx240|Lfalse|Rtrue|near6185,235,chase,4533|tgt683,25|pn2|sf0", "8040|x10842|y118|vy-233|jump|ogfalse|jb0|jmpfalse|hp78|br8|face1|vx240|Lfalse|Rtrue|nearnull|tgt683,25|pn1|sf0", "8070|x10934|y202|vy300|fall|ogfalse|jb0|jmpfalse|hp78|br8|face1|vx0|Lfalse|Rfalse|near6185,227,chase,4749|tgt683,25|pn1|sf6", "8100|x10934|y352|vy300|fall|ogfalse|jb0|jmpfalse|hp78|br8|face1|vx0|Lfalse|Rfalse|near10810,416,chase,124|tgt683,25|pn1|sf36"]
     现场：玩家 p=(10934,372) 格=(683,23) 开格数=12
   (682,21) 字符=. 阻挡=false
   (683,21) 字符=. 阻挡=false
   (684,21) 字符=# 阻挡=true
   (685,21) 字符=# 阻挡=true
   (682,22) 字符=. 阻挡=false
   (683,22) 字符=. 阻挡=false
   (684,22) 字符=# 阻挡=true
   (685,22) 字符=# 阻挡=true
   (682,23) 字符=. 阻挡=false
   (683,23) 字符=. 阻挡=false
   (684,23) 字符=# 阻挡=true
   (685,23) 字符=# 阻挡=true
   (682,24) 字符=. 阻挡=false
   (683,24) 字符=. 阻挡=false
   (684,24) 字符=# 阻挡=true
   (685,24) 字符=# 阻挡=true
   (682,25) 字符=. 阻挡=false
   (683,25) 字符=. 阻挡=false
   (684,25) 字符=# 阻挡=true
   (685,25) 字符=# 阻挡=true
 20 .........????????
 21 .........????????
 22 .........????????
 23 .........????????
 24 .........????????
 25 .#.^.....????????
 26 #########????????
 27 #########????????
     钥匙：拿到=["key_f1"] 场上=[{ "name": "key_f1", "cell": (306, 25), "taken": true }] 门=[{ "mid": "gate_key_f1", "key": "key_f1", "open": true, "cells": 6 }, { "mid": "gate_switch_f1", "key": "", "open": true, "cells": 6 }]
  · 模拟 6 局：233037 ms（平均 38839 ms/局）
  ✗ [S6] 不许走进死胡同、且必须真的在推进（真·卡死 1/6，帧上限用尽 5；平均推进 4.2 个房间）
  · 平均每局 30188 帧（503.1 秒模拟时间）；平均击杀 13；平均承伤 57
  · 逐层通过：第1层 4 / 第2层 2 / 第3层 0
  · TTK 参考：普通敌人 1.5~3.0 秒（契约），实测中位 TTK 4.37 秒（样本 83 个敌人）
  · 难度契约 vs 实测（§4.3）
  ·   · TTK 普通敌人契约 1.5~3.0 秒
  ·   · 每层威胁上限：6 + 2×层
  ·   · 血量成长 ×(1+0.18)^(层-1)，伤害成长 ×(1+0.030)^(层-1)（伤害慢得多）

--- 无头模拟: 通过 5 / 失败 1（233396 ms）---
失败明细：
  ✗ [S6] 不许走进死胡同、且必须真的在推进（真·卡死 1/6，帧上限用尽 5；平均推进 4.2 个房间）

--- stderr ---
WARNING: 11097 ObjectDB instances were leaked at exit (run with `--verbose` for details).
   at: cleanup (core/object/object.cpp:2536)
ERROR: 8 resources still in use at exit (run with --verbose for details).
   at: clear (core/io/resource.cpp:822)

