=== godot exit:  (killed=False) ===
Godot Engine v4.7.2.stable.official.ed1daf0bf - https://godotengine.org

DSH-RL 无头模拟器  runs=4 max_frames=20000

  run 0 seed=3000 → floor_clear：房 10/11，杀 18，承伤 32（{ "spike": 16 }），帧 13298，TTK中位 3.4s
     尾事件：[{ "frame": 4862, "kind": "jump", "data": { "who": 0, "n": 1 } }, { "frame": 4885, "kind": "jump", "data": { "who": 0, "n": 1 } }, { "frame": 4908, "kind": "jump", "data": { "who": 0, "n": 1 } }, { "frame": 4956, "kind": "jump", "data": { "who": 0, "n": 1 } }, { "frame": 4996, "kind": "jump", "data": { "who": 0, "n": 2 } }, { "frame": 5099, "kind": "jump", "data": { "who": 0, "n": 1 } }, { "frame": 5144, "kind": "jump", "data": { "who": 0, "n": 2 } }, { "frame": 5175, "kind": "hit", "data": { "who": 1015, "dmg": 17, "blocked": false } }, { "frame": 5175, "kind": "player_hit", "data": { "dmg": 17, "blocked": false, "combo": 1 } }, { "frame": 5215, "kind": "floor_clear", "data": { "floor": 1 } }]
     轨迹尾：["4980|x10190|y144|vy133|fall|ogfalse|jb0|jmpfalse|hp84|br8|face-1|vx96|Ltrue|Rfalse|nearnull|tgt683,27|pn10|sf0", "5010|x10286|y140|vy-60|jump|ogfalse|jb0|jmpfalse|hp84|br6|face1|vx240|Lfalse|Rtrue|nearnull|tgt683,27|pn0|sf0", "5040|x10406|y255|vy0|run|ogtrue|jb0|jmpfalse|hp84|br6|face1|vx240|Lfalse|Rtrue|near10938,230,patrol,536|tgt683,27|pn0|sf0", "5070|x10526|y255|vy0|run|ogtrue|jb0|jmpfalse|hp84|br6|face1|vx240|Lfalse|Rtrue|near10938,228,patrol,416|tgt683,27|pn0|sf0", "5100|x10646|y234|vy-633|jump|ogfalse|jb0|jmpfalse|hp84|br6|face1|vx240|Lfalse|Rtrue|near10938,227,patrol,296|tgt683,27|pn0|sf0", "5130|x10766|y174|vy300|fall|ogfalse|jb0|jmpfalse|hp84|br6|face1|vx240|Lfalse|Rtrue|near10938,223,patrol,176|tgt683,27|pn0|sf0", "5160|x10886|y165|vy7|jump|ogfalse|jb0|jmpfalse|hp84|br65|face1|vx240|Lfalse|Rtrue|near10919,220,chase,37|tgt683,27|pn0|sf0", "5190|x10936|y276|vy300|air_attack|ogfalse|jb0|jmpfalse|hp84|br52|face-1|vx0|Lfalse|Rfalse|nearB5 near=10908.6 me=10936.1 want=-1 face=-1|tgt683,27|pn0|sf16"]
     现场：玩家 p=(10936,402) 格=(683,25) 开格数=12
   (682,23) 字符=. 阻挡=false
   (683,23) 字符=. 阻挡=false
   (684,23) 字符=# 阻挡=true
   (685,23) 字符=# 阻挡=true
   (682,24) 字符=. 阻挡=false
   (683,24) 字符=. 阻挡=false
   (684,24) 字符=# 阻挡=true
   (685,24) 字符=# 阻挡=true
   (682,25) 字符=. 阻挡=false
   (683,25) 字符=. 阻挡=false
   (684,25) 字符=# 阻挡=true
   (685,25) 字符=# 阻挡=true
   (682,26) 字符=. 阻挡=false
   (683,26) 字符=. 阻挡=false
   (684,26) 字符=# 阻挡=true
   (685,26) 字符=# 阻挡=true
   (682,27) 字符=. 阻挡=false
   (683,27) 字符=. 阻挡=false
   (684,27) 字符=# 阻挡=true
   (685,27) 字符=# 阻挡=true
 22 .........????????
 23 .........????????
 24 .........????????
 25 .........????????
 26 .........????????
 27 ....^....????????
 28 ..#######????????
 29 .########????????
     钥匙：拿到=["key_f1"] 场上=[{ "name": "key_f1", "cell": (183, 24), "taken": true }] 门=[{ "mid": "gate_key_f1", "key": "key_f1", "open": true, "cells": 6 }, { "mid": "gate_switch_f1", "key": "", "open": true, "cells": 6 }]
  run 1 seed=10919 → playing：房 8/11，杀 8，承伤 24（{ "spike": 24 }），帧 5391，TTK中位 6.3s
     尾事件：[{ "frame": 5158, "kind": "jump", "data": { "who": 0, "n": 2 } }, { "frame": 5183, "kind": "jump", "data": { "who": 0, "n": 1 } }, { "frame": 5206, "kind": "jump", "data": { "who": 0, "n": 1 } }, { "frame": 5229, "kind": "jump", "data": { "who": 0, "n": 1 } }, { "frame": 5252, "kind": "jump", "data": { "who": 0, "n": 1 } }, { "frame": 5275, "kind": "jump", "data": { "who": 0, "n": 1 } }, { "frame": 5298, "kind": "jump", "data": { "who": 0, "n": 1 } }, { "frame": 5321, "kind": "jump", "data": { "who": 0, "n": 2 } }, { "frame": 5346, "kind": "jump", "data": { "who": 0, "n": 1 } }, { "frame": 5369, "kind": "jump", "data": { "who": 0, "n": 1 } }]
     轨迹尾：["5160|x7129|y380|vy-460|jump|ogfalse|jb0|jmpfalse|hp76|br8|face1|vx0|Lfalse|Rtrue|near7133,336,chase,3|tgt495,22|pn3|sf669", "5190|x7129|y380|vy-433|jump|ogfalse|jb0|jmpfalse|hp76|br8|face1|vx0|Lfalse|Rtrue|near7133,336,chase,3|tgt495,22|pn3|sf699", "5220|x7129|y380|vy-200|jump|ogfalse|jb0|jmpfalse|hp76|br8|face1|vx0|Lfalse|Rtrue|near7133,336,chase,3|tgt495,22|pn3|sf729", "5250|x7129|y380|vy33|jump|ogfalse|jb0|jmpfalse|hp76|br8|face1|vx0|Lfalse|Rtrue|near7133,336,chase,3|tgt495,22|pn2|sf759", "5280|x7129|y380|vy-500|jump|ogfalse|jb0|jmpfalse|hp76|br8|face1|vx0|Lfalse|Rtrue|near7133,336,chase,3|tgt495,22|pn1|sf789", "5310|x7129|y380|vy-267|jump|ogfalse|jb0|jmpfalse|hp76|br8|face1|vx0|Lfalse|Rfalse|near7133,336,chase,3|tgt495,22|pn12|sf819", "5340|x7129|y383|vy107|fall|ogfalse|jb0|jmpfalse|hp76|br8|face1|vx0|Lfalse|Rtrue|near7133,336,chase,3|tgt495,22|pn11|sf849", "5370|x7129|y380|vy-633|jump|ogfalse|jb0|jmpfalse|hp76|br8|face1|vx0|Lfalse|Rtrue|near7133,336,chase,3|tgt495,22|pn11|sf879"]
     现场：玩家 p=(7130,382) 格=(445,23) 开格数=6
   (444,21) 字符=. 阻挡=false
   (445,21) 字符=# 阻挡=true
   (446,21) 字符=# 阻挡=true
   (447,21) 字符=. 阻挡=false
   (444,22) 字符=. 阻挡=false
   (445,22) 字符=. 阻挡=false
   (446,22) 字符=# 阻挡=true
   (447,22) 字符=. 阻挡=false
   (444,23) 字符=. 阻挡=false
   (445,23) 字符=. 阻挡=false
   (446,23) 字符=# 阻挡=true
   (447,23) 字符=. 阻挡=false
   (444,24) 字符=# 阻挡=true
   (445,24) 字符=. 阻挡=false
   (446,24) 字符=# 阻挡=true
   (447,24) 字符=. 阻挡=false
   (444,25) 字符=# 阻挡=true
   (445,25) 字符=# 阻挡=true
   (446,25) 字符=# 阻挡=true
   (447,25) 字符=# 阻挡=true
 20 .................
 21 ........##.......
 22 .........#.......
 23 .........#...#...
 24 ########.#.####.#
 25 #################
 26 #################
 27 #################
     钥匙：拿到=["key_f1"] 场上=[{ "name": "key_f1", "cell": (177, 26), "taken": true }] 门=[{ "mid": "gate_key_f1", "key": "key_f1", "open": true, "cells": 6 }, { "mid": "gate_switch_f1", "key": "", "open": false, "cells": 6 }]
  run 2 seed=18838 → playing：房 4/11，杀 0，承伤 8（{ "spike": 8 }），帧 2212，TTK中位 0.0s
     尾事件：[{ "frame": 1985, "kind": "jump", "data": { "who": 0, "n": 1 } }, { "frame": 2008, "kind": "jump", "data": { "who": 0, "n": 1 } }, { "frame": 2031, "kind": "jump", "data": { "who": 0, "n": 1 } }, { "frame": 2054, "kind": "jump", "data": { "who": 0, "n": 1 } }, { "frame": 2077, "kind": "jump", "data": { "who": 0, "n": 1 } }, { "frame": 2100, "kind": "jump", "data": { "who": 0, "n": 2 } }, { "frame": 2125, "kind": "jump", "data": { "who": 0, "n": 1 } }, { "frame": 2148, "kind": "jump", "data": { "who": 0, "n": 1 } }, { "frame": 2171, "kind": "jump", "data": { "who": 0, "n": 1 } }, { "frame": 2194, "kind": "jump", "data": { "who": 0, "n": 1 } }]
     轨迹尾：["1980|x3081|y364|vy-67|jump|ogfalse|jb0|jmpfalse|hp92|br8|face1|vx0|Lfalse|Rtrue|near2712,416,chase,369|tgt521,24|pn70|sf668", "2010|x3081|y364|vy-600|jump|ogfalse|jb0|jmpfalse|hp92|br8|face1|vx0|Lfalse|Rtrue|near2712,416,chase,369|tgt521,24|pn69|sf698", "2040|x3081|y364|vy-367|jump|ogfalse|jb0|jmpfalse|hp92|br8|face1|vx0|Lfalse|Rtrue|near2712,416,chase,369|tgt521,24|pn69|sf728", "2070|x3081|y364|vy-133|jump|ogfalse|jb0|jmpfalse|hp92|br8|face1|vx0|Lfalse|Rtrue|near2712,416,chase,369|tgt521,24|pn68|sf758", "2100|x3081|y364|vy-527|jump|ogfalse|jb0|jmptrue|hp92|br8|face1|vx0|Lfalse|Rtrue|near2712,416,chase,369|tgt521,24|pn68|sf788", "2130|x3081|y364|vy-500|jump|ogfalse|jb0|jmpfalse|hp92|br8|face1|vx0|Lfalse|Rtrue|near2712,416,chase,369|tgt521,24|pn67|sf818", "2160|x3081|y364|vy-267|jump|ogfalse|jb0|jmpfalse|hp92|br8|face1|vx0|Lfalse|Rtrue|near2712,416,chase,369|tgt521,24|pn67|sf848", "2190|x3081|y364|vy-33|jump|ogfalse|jb0|jmpfalse|hp92|br8|face1|vx0|Lfalse|Rtrue|near2712,416,chase,369|tgt521,24|pn66|sf878"]
     现场：玩家 p=(3082,364) 格=(192,22) 开格数=6
   (191,20) 字符=. 阻挡=false
   (192,20) 字符=# 阻挡=true
   (193,20) 字符=# 阻挡=true
   (194,20) 字符=. 阻挡=false
   (191,21) 字符=. 阻挡=false
   (192,21) 字符=. 阻挡=false
   (193,21) 字符=# 阻挡=true
   (194,21) 字符=. 阻挡=false
   (191,22) 字符=. 阻挡=false
   (192,22) 字符=. 阻挡=false
   (193,22) 字符=# 阻挡=true
   (194,22) 字符=. 阻挡=false
   (191,23) 字符=. 阻挡=false
   (192,23) 字符=. 阻挡=false
   (193,23) 字符=# 阻挡=true
   (194,23) 字符=# 阻挡=true
   (191,24) 字符=# 阻挡=true
   (192,24) 字符=# 阻挡=true
   (193,24) 字符=# 阻挡=true
   (194,24) 字符=# 阻挡=true
 19 .................
 20 ........##.......
 21 .........#.......
 22 .........#...#.##
 23 .....K...########
 24 #################
 25 #################
 26 #################
     钥匙：拿到=["key_f1"] 场上=[{ "name": "key_f1", "cell": (189, 23), "taken": true }] 门=[{ "mid": "gate_key_f1", "key": "key_f1", "open": true, "cells": 6 }, { "mid": "gate_switch_f1", "key": "", "open": false, "cells": 6 }]
  run 3 seed=26757 → playing：房 4/11，杀 0，承伤 0（{  }），帧 20000，TTK中位 0.0s
     尾事件：[{ "frame": 1113, "kind": "jump", "data": { "who": 0, "n": 1 } }, { "frame": 1148, "kind": "jump", "data": { "who": 0, "n": 2 } }, { "frame": 1192, "kind": "jump", "data": { "who": 0, "n": 1 } }, { "frame": 1222, "kind": "jump", "data": { "who": 0, "n": 2 } }, { "frame": 1273, "kind": "jump", "data": { "who": 0, "n": 1 } }, { "frame": 1296, "kind": "jump", "data": { "who": 0, "n": 1 } }, { "frame": 1332, "kind": "room_enter", "data": { "room": 3, "type": "normal" } }, { "frame": 1332, "kind": "ai", "data": { "brain": "L1", "kind": "room_enter", "room": 3 } }, { "frame": 1333, "kind": "jump", "data": { "who": 0, "n": 2 } }, { "frame": 1371, "kind": "jump", "data": { "who": 0, "n": 1 } }]
     轨迹尾：["19770|x3484|y127|vy0|run|ogtrue|jb0|jmpfalse|hp100|br65|face-1|vx-240|Ltrue|Rfalse|near6186,52,patrol,2697|tgt218,21|pn0|sf0", "19800|x3484|y127|vy0|run|ogtrue|jb0|jmpfalse|hp100|br65|face-1|vx-240|Ltrue|Rfalse|near6186,52,patrol,2697|tgt218,21|pn0|sf0", "19830|x3484|y127|vy0|run|ogtrue|jb0|jmpfalse|hp100|br65|face-1|vx-240|Ltrue|Rfalse|near6186,52,patrol,2697|tgt218,21|pn0|sf0", "19860|x3492|y127|vy0|idle|ogtrue|jb0|jmpfalse|hp100|br8|face-1|vx-132|Lfalse|Rfalse|near6186,52,patrol,2690|tgt218,21|pn1|sf0", "19890|x3484|y127|vy0|run|ogtrue|jb0|jmpfalse|hp100|br65|face-1|vx-240|Ltrue|Rfalse|near6186,52,patrol,2697|tgt218,21|pn0|sf0", "19920|x3484|y127|vy0|run|ogtrue|jb0|jmpfalse|hp100|br65|face-1|vx-240|Ltrue|Rfalse|near6186,52,patrol,2697|tgt218,21|pn0|sf0", "19950|x3484|y127|vy0|run|ogtrue|jb0|jmpfalse|hp100|br65|face-1|vx-240|Ltrue|Rfalse|near6186,52,patrol,2697|tgt218,21|pn0|sf0", "19980|x3484|y127|vy0|run|ogtrue|jb0|jmpfalse|hp100|br65|face-1|vx-240|Ltrue|Rfalse|near6186,52,patrol,2697|tgt218,21|pn0|sf0"]
     现场：玩家 p=(3485,128) 格=(217,7) 开格数=0
   (216,5) 字符=. 阻挡=false
   (217,5) 字符=. 阻挡=false
   (218,5) 字符=. 阻挡=false
   (219,5) 字符=. 阻挡=false
   (216,6) 字符=. 阻挡=false
   (217,6) 字符=. 阻挡=false
   (218,6) 字符=. 阻挡=false
   (219,6) 字符=. 阻挡=false
   (216,7) 字符=. 阻挡=false
   (217,7) 字符=. 阻挡=false
   (218,7) 字符=. 阻挡=false
   (219,7) 字符=. 阻挡=false
   (216,8) 字符=# 阻挡=true
   (217,8) 字符=# 阻挡=true
   (218,8) 字符=# 阻挡=true
   (219,8) 字符=# 阻挡=true
   (216,9) 字符=. 阻挡=false
   (217,9) 字符=. 阻挡=false
   (218,9) 字符=. 阻挡=false
   (219,9) 字符=. 阻挡=false
  4 .................
  5 .................
  6 .................
  7 .................
  8 #################
  9 .................
 10 .................
 11 .................
     钥匙：拿到=[] 场上=[{ "name": "key_f1", "cell": (218, 21), "taken": false }] 门=[{ "mid": "gate_key_f1", "key": "key_f1", "open": false, "cells": 6 }, { "mid": "gate_switch_f1", "key": "", "open": false, "cells": 6 }]
  · 模拟 4 局：123067 ms（平均 30766 ms/局）
  ✗ [S6] 卡死率必须低（卡住 4/4；机制门/机关是主因，超过 25% 说明关卡有问题）
  · 平均每局 10225 帧（170.4 秒模拟时间）；平均击杀 6；平均承伤 16
  · 逐层通过：第1层 1 / 第2层 0 / 第3层 0
  · TTK 参考：普通敌人 1.5~3.0 秒（契约），实测中位 TTK 3.63 秒（样本 26 个敌人）
  · 难度契约 vs 实测（§4.3）
  ·   · TTK 普通敌人契约 1.5~3.0 秒
  ·   · 每层威胁上限：6 + 2×层
  ·   · 血量成长 ×(1+0.18)^(层-1)，伤害成长 ×(1+0.030)^(层-1)（伤害慢得多）

--- 无头模拟: 通过 5 / 失败 1（123395 ms）---
失败明细：
  ✗ [S6] 卡死率必须低（卡住 4/4；机制门/机关是主因，超过 25% 说明关卡有问题）

--- stderr ---
WARNING: 5411 ObjectDB instances were leaked at exit (run with `--verbose` for details).
   at: cleanup (core/object/object.cpp:2536)
ERROR: 8 resources still in use at exit (run with --verbose for details).
   at: clear (core/io/resource.cpp:822)

