=== godot exit:  (killed=False) ===
Godot Engine v4.7.2.stable.official.ed1daf0bf - https://godotengine.org

DSH-RL 无头模拟器  runs=2 max_frames=20000

  run 0 seed=3000 → floor_clear：房 2/11，杀 10，承伤 32（{ "spike": 32 }），帧 9732，TTK中位 15.9s
     尾事件：[{ "frame": 7757, "kind": "jump", "data": { "who": 0, "n": 1 } }, { "frame": 7817, "kind": "room_enter", "data": { "room": 10, "type": "exit" } }, { "frame": 7817, "kind": "ai", "data": { "brain": "L1", "kind": "room_enter", "room": 10 } }, { "frame": 7853, "kind": "jump", "data": { "who": 0, "n": 1 } }, { "frame": 7882, "kind": "jump", "data": { "who": 0, "n": 2 } }, { "frame": 7936, "kind": "jump", "data": { "who": 0, "n": 1 } }, { "frame": 7982, "kind": "jump", "data": { "who": 0, "n": 1 } }, { "frame": 8038, "kind": "jump", "data": { "who": 0, "n": 1 } }, { "frame": 8067, "kind": "jump", "data": { "who": 0, "n": 2 } }, { "frame": 8115, "kind": "floor_clear", "data": { "floor": 1 } }]
     轨迹尾：["7890|x10139|y345|vy-260|jump|ogfalse|jb0|jmpfalse|hp68|br6|face1|vx240|Lfalse|Rtrue|near10938,291,patrol,802|tgt683,27|pn0|sf0", "7920|x10259|y421|vy300|fall|ogfalse|jb4|jmpfalse|hp68|br6|face1|vx240|Lfalse|Rtrue|near10713,480,patrol,458|tgt683,27|pn0|sf0", "7950|x10331|y355|vy-200|jump|ogfalse|jb0|jmpfalse|hp68|br6|face1|vx240|Lfalse|Rtrue|near10938,292,patrol,610|tgt683,27|pn0|sf0", "7980|x10451|y446|vy300|fall|ogfalse|jb0|jmpfalse|hp68|br6|face1|vx240|Lfalse|Rtrue|near10713,480,patrol,266|tgt683,27|pn0|sf0", "8010|x10549|y351|vy267|fall|ogfalse|jb0|jmpfalse|hp68|br6|face1|vx240|Lfalse|Rtrue|near10938,293,patrol,392|tgt683,27|pn0|sf0", "8040|x10669|y400|vy-600|jump|ogfalse|jb0|jmpfalse|hp68|br6|face1|vx240|Lfalse|Rtrue|near10712,480,chase,46|tgt683,27|pn0|sf0", "8070|x10789|y303|vy-427|jump|ogfalse|jb0|jmpfalse|hp68|br6|face1|vx240|Lfalse|Rtrue|near10938,293,patrol,152|tgt683,27|pn0|sf0", "8100|x10909|y327|vy300|air_attack|ogfalse|jb0|jmpfalse|hp68|br52|face1|vx240|Lfalse|Rfalse|nearB5 near=10907.0 me=10905.9 want=1 face=1|tgt683,27|pn0|sf0"]
     现场：玩家 p=(10938,403) 格=(683,25) 开格数=12
   (682,23) 字符=. 阻挡=false
   (683,23) 字符=. 阻挡=false
   (684,23) 字符=# 阻挡=true
   (685,23) 字符=# 阻挡=true
   (682,24) 字符=. 阻挡=false
   (683,24) 字符=. 阻挡=false
   (684,24) 字符=# 阻挡=true
   (685,24) 字符=# 阻挡=true
   (682,25) 字符=. 阻挡=false
   (683,25) 字符=. 阻挡=false
   (684,25) 字符=# 阻挡=true
   (685,25) 字符=# 阻挡=true
   (682,26) 字符=. 阻挡=false
   (683,26) 字符=. 阻挡=false
   (684,26) 字符=# 阻挡=true
   (685,26) 字符=# 阻挡=true
   (682,27) 字符=. 阻挡=false
   (683,27) 字符=. 阻挡=false
   (684,27) 字符=# 阻挡=true
   (685,27) 字符=# 阻挡=true
 22 .........????????
 23 .........????????
 24 .........????????
 25 .........????????
 26 .........????????
 27 ....^....????????
 28 ..#######????????
 29 .########????????
     钥匙：拿到=["key_f1"] 场上=[{ "name": "key_f1", "cell": (183, 24), "taken": true }] 门=[{ "mid": "gate_key_f1", "key": "key_f1", "open": true, "cells": 6 }, { "mid": "gate_switch_f1", "key": "", "open": true, "cells": 6 }]
  run 1 seed=10919 → playing：房 8/11，杀 3，承伤 16（{ "spike": 16 }），帧 3421，TTK中位 5.4s
     尾事件：[{ "frame": 3199, "kind": "jump", "data": { "who": 0, "n": 2 } }, { "frame": 3224, "kind": "jump", "data": { "who": 0, "n": 1 } }, { "frame": 3247, "kind": "jump", "data": { "who": 0, "n": 1 } }, { "frame": 3270, "kind": "jump", "data": { "who": 0, "n": 1 } }, { "frame": 3293, "kind": "jump", "data": { "who": 0, "n": 1 } }, { "frame": 3316, "kind": "jump", "data": { "who": 0, "n": 1 } }, { "frame": 3339, "kind": "jump", "data": { "who": 0, "n": 1 } }, { "frame": 3362, "kind": "jump", "data": { "who": 0, "n": 2 } }, { "frame": 3387, "kind": "jump", "data": { "who": 0, "n": 1 } }, { "frame": 3410, "kind": "jump", "data": { "who": 0, "n": 1 } }]
     轨迹尾：["3210|x7129|y380|vy-160|jump|ogfalse|jb0|jmpfalse|hp84|br8|face1|vx0|Lfalse|Rfalse|near7128,336,chase,2|tgt495,22|pn8|sf689", "3240|x7129|y380|vy-133|jump|ogfalse|jb0|jmpfalse|hp84|br8|face1|vx0|Lfalse|Rfalse|near7128,336,chase,2|tgt495,22|pn8|sf719", "3270|x7129|y380|vy-667|jump|ogfalse|jb0|jmptrue|hp84|br8|face1|vx0|Lfalse|Rfalse|near7131,336,chase,1|tgt495,22|pn8|sf749", "3300|x7129|y380|vy-433|jump|ogfalse|jb0|jmpfalse|hp84|br8|face1|vx0|Lfalse|Rfalse|near7131,336,chase,1|tgt495,22|pn8|sf779", "3330|x7129|y380|vy-200|jump|ogfalse|jb0|jmpfalse|hp84|br8|face1|vx0|Lfalse|Rfalse|near7128,336,chase,2|tgt495,22|pn8|sf809", "3360|x7129|y380|vy33|jump|ogfalse|jb0|jmpfalse|hp84|br8|face1|vx0|Lfalse|Rfalse|near7128,336,chase,2|tgt495,22|pn8|sf839", "3390|x7129|y380|vy-567|jump|ogfalse|jb0|jmpfalse|hp84|br8|face1|vx0|Lfalse|Rfalse|near7131,336,chase,1|tgt495,22|pn8|sf869", "3420|x7129|y380|vy-333|jump|ogfalse|jb0|jmpfalse|hp84|br8|face1|vx0|Lfalse|Rfalse|near7131,336,chase,1|tgt495,22|pn8|sf899"]
     现场：玩家 p=(7130,380) 格=(445,23) 开格数=6
   (444,21) 字符=. 阻挡=false
   (445,21) 字符=# 阻挡=true
   (446,21) 字符=# 阻挡=true
   (447,21) 字符=. 阻挡=false
   (444,22) 字符=. 阻挡=false
   (445,22) 字符=. 阻挡=false
   (446,22) 字符=# 阻挡=true
   (447,22) 字符=. 阻挡=false
   (444,23) 字符=. 阻挡=false
   (445,23) 字符=. 阻挡=false
   (446,23) 字符=# 阻挡=true
   (447,23) 字符=. 阻挡=false
   (444,24) 字符=# 阻挡=true
   (445,24) 字符=. 阻挡=false
   (446,24) 字符=# 阻挡=true
   (447,24) 字符=. 阻挡=false
   (444,25) 字符=# 阻挡=true
   (445,25) 字符=# 阻挡=true
   (446,25) 字符=# 阻挡=true
   (447,25) 字符=# 阻挡=true
 20 .................
 21 ........##.......
 22 .........#.......
 23 .........#...#...
 24 ########.#.####.#
 25 #################
 26 #################
 27 #################
     钥匙：拿到=["key_f1"] 场上=[{ "name": "key_f1", "cell": (177, 26), "taken": true }] 门=[{ "mid": "gate_key_f1", "key": "key_f1", "open": true, "cells": 6 }, { "mid": "gate_switch_f1", "key": "", "open": false, "cells": 6 }]
  · 模拟 2 局：34904 ms（平均 17452 ms/局）
  ✗ [S6] 卡死率必须低（卡住 2/2；机制门/机关是主因，超过 25% 说明关卡有问题）
  · 平均每局 6576 帧（109.6 秒模拟时间）；平均击杀 6；平均承伤 24
  · 逐层通过：第1层 1 / 第2层 0 / 第3层 0
  · TTK 参考：普通敌人 1.5~3.0 秒（契约），实测中位 TTK 9.85 秒（样本 13 个敌人）
  · 难度契约 vs 实测（§4.3）
  ·   · TTK 普通敌人契约 1.5~3.0 秒
  ·   · 每层威胁上限：6 + 2×层
  ·   · 血量成长 ×(1+0.18)^(层-1)，伤害成长 ×(1+0.030)^(层-1)（伤害慢得多）

--- 无头模拟: 通过 5 / 失败 1（35230 ms）---
失败明细：
  ✗ [S6] 卡死率必须低（卡住 2/2；机制门/机关是主因，超过 25% 说明关卡有问题）

--- stderr ---
WARNING: 2987 ObjectDB instances were leaked at exit (run with `--verbose` for details).
   at: cleanup (core/object/object.cpp:2536)
ERROR: 8 resources still in use at exit (run with --verbose for details).
   at: clear (core/io/resource.cpp:822)

