=== godot exit:  (killed=False) ===
Godot Engine v4.7.2.stable.official.ed1daf0bf - https://godotengine.org

DSH-RL 无头模拟器  runs=2 max_frames=20000

  run 0 seed=3000 → floor_clear：房 2/11，杀 12，承伤 24（{ "spike": 24 }），帧 10435，TTK中位 12.2s
     尾事件：[{ "frame": 8585, "kind": "jump", "data": { "who": 0, "n": 2 } }, { "frame": 8636, "kind": "jump", "data": { "who": 0, "n": 1 } }, { "frame": 8659, "kind": "jump", "data": { "who": 0, "n": 1 } }, { "frame": 8696, "kind": "jump", "data": { "who": 0, "n": 2 } }, { "frame": 8733, "kind": "hit", "data": { "who": 1015, "dmg": 12, "blocked": false } }, { "frame": 8733, "kind": "player_hit", "data": { "dmg": 12, "blocked": false, "combo": 1 } }, { "frame": 8776, "kind": "jump", "data": { "who": 0, "n": 1 } }, { "frame": 8804, "kind": "kill", "data": { "who": 1015, "kind": "enemy", "by": 0 } }, { "frame": 8804, "kind": "player_hit", "data": { "dmg": 12, "blocked": false, "combo": 2 } }, { "frame": 8818, "kind": "floor_clear", "data": { "floor": 1 } }]
     轨迹尾：["8580|x10371|y350|vy100|fall|ogfalse|jb0|jmpfalse|hp76|br6|face1|vx240|Lfalse|Rtrue|near10938,302,patrol,571|tgt683,27|pn0|sf0", "8610|x10491|y326|vy300|fall|ogfalse|jb0|jmpfalse|hp76|br6|face1|vx240|Lfalse|Rtrue|near10938,300,patrol,451|tgt683,27|pn0|sf0", "8640|x10611|y397|vy-533|jump|ogfalse|jb0|jmpfalse|hp76|br6|face1|vx240|Lfalse|Rtrue|near10712,480,chase,104|tgt683,27|pn0|sf0", "8670|x10731|y236|vy-300|jump|ogfalse|jb0|jmpfalse|hp76|br6|face1|vx240|Lfalse|Rtrue|near10938,299,patrol,211|tgt683,27|pn0|sf0", "8700|x10851|y237|vy-393|jump|ogfalse|jb0|jmpfalse|hp76|br6|face1|vx240|Lfalse|Rtrue|near10928,295,chase,81|tgt683,27|pn0|sf0", "8730|x10922|y273|vy300|air_attack|ogfalse|jb0|jmpfalse|hp76|br52|face-1|vx-120|Lfalse|Rfalse|nearB5 near=10925.5 me=10924.9 want=1 face=-1|tgt683,27|pn0|sf0", "8760|x10903|y403|vy300|air_attack|ogfalse|jb0|jmpfalse|hp76|br52|face1|vx14|Lfalse|Rfalse|nearB5 near=10922.6 me=10903.2 want=1 face=1|tgt683,27|pn0|sf2", "8790|x10925|y339|vy-200|jump|ogfalse|jb0|jmpfalse|hp76|br52|face1|vx96|Lfalse|Rfalse|nearB5 near=10920.1 me=10923.6 want=-1 face=1|tgt683,27|pn0|sf0"]
     现场：玩家 p=(10938,401) 格=(683,25) 开格数=12
   (682,23) 字符=. 阻挡=false
   (683,23) 字符=. 阻挡=false
   (684,23) 字符=# 阻挡=true
   (685,23) 字符=# 阻挡=true
   (682,24) 字符=. 阻挡=false
   (683,24) 字符=. 阻挡=false
   (684,24) 字符=# 阻挡=true
   (685,24) 字符=# 阻挡=true
   (682,25) 字符=. 阻挡=false
   (683,25) 字符=. 阻挡=false
   (684,25) 字符=# 阻挡=true
   (685,25) 字符=# 阻挡=true
   (682,26) 字符=. 阻挡=false
   (683,26) 字符=. 阻挡=false
   (684,26) 字符=# 阻挡=true
   (685,26) 字符=# 阻挡=true
   (682,27) 字符=. 阻挡=false
   (683,27) 字符=. 阻挡=false
   (684,27) 字符=# 阻挡=true
   (685,27) 字符=# 阻挡=true
 22 .........????????
 23 .........????????
 24 .........????????
 25 .........????????
 26 .........????????
 27 ....^....????????
 28 ..#######????????
 29 .########????????
     钥匙：拿到=["key_f1"] 场上=[{ "name": "key_f1", "cell": (183, 24), "taken": true }] 门=[{ "mid": "gate_key_f1", "key": "key_f1", "open": true, "cells": 6 }, { "mid": "gate_switch_f1", "key": "", "open": true, "cells": 6 }]
  run 1 seed=10919 → playing：房 8/11，杀 3，承伤 16（{ "spike": 16 }），帧 3421，TTK中位 5.4s
     尾事件：[{ "frame": 3194, "kind": "jump", "data": { "who": 0, "n": 1 } }, { "frame": 3220, "kind": "jump", "data": { "who": 0, "n": 1 } }, { "frame": 3249, "kind": "jump", "data": { "who": 0, "n": 1 } }, { "frame": 3278, "kind": "jump", "data": { "who": 0, "n": 1 } }, { "frame": 3301, "kind": "jump", "data": { "who": 0, "n": 1 } }, { "frame": 3324, "kind": "jump", "data": { "who": 0, "n": 1 } }, { "frame": 3347, "kind": "jump", "data": { "who": 0, "n": 1 } }, { "frame": 3370, "kind": "jump", "data": { "who": 0, "n": 1 } }, { "frame": 3393, "kind": "jump", "data": { "who": 0, "n": 1 } }, { "frame": 3416, "kind": "jump", "data": { "who": 0, "n": 2 } }]
     轨迹尾：["3210|x7129|y380|vy-133|jump|ogfalse|jb0|jmpfalse|hp84|br6|face1|vx0|Lfalse|Rtrue|near7128,336,chase,2|tgt495,22|pn0|sf689", "3240|x7129|y380|vy-0|jump|ogfalse|jb0|jmpfalse|hp84|br6|face1|vx0|Lfalse|Rtrue|near7128,336,chase,2|tgt495,22|pn0|sf719", "3270|x7129|y380|vy33|jump|ogfalse|jb0|jmpfalse|hp84|br6|face1|vx0|Lfalse|Rtrue|near7131,336,chase,1|tgt495,22|pn0|sf749", "3300|x7129|y381|vy67|fall|ogfalse|jb5|jmptrue|hp84|br8|face1|vx0|Lfalse|Rfalse|near7131,336,chase,1|tgt495,22|pn8|sf779", "3330|x7129|y380|vy-467|jump|ogfalse|jb0|jmpfalse|hp84|br8|face1|vx0|Lfalse|Rtrue|near7128,336,chase,2|tgt495,22|pn7|sf809", "3360|x7129|y380|vy-233|jump|ogfalse|jb0|jmpfalse|hp84|br8|face1|vx0|Lfalse|Rtrue|near7128,336,chase,2|tgt495,22|pn7|sf839", "3390|x7129|y380|vy-0|jump|ogfalse|jb0|jmpfalse|hp84|br8|face1|vx0|Lfalse|Rtrue|near7131,336,chase,1|tgt495,22|pn6|sf869", "3420|x7129|y380|vy-393|jump|ogfalse|jb0|jmpfalse|hp84|br8|face1|vx0|Lfalse|Rtrue|near7131,336,chase,1|tgt495,22|pn5|sf899"]
     现场：玩家 p=(7130,380) 格=(445,23) 开格数=6
   (444,21) 字符=. 阻挡=false
   (445,21) 字符=# 阻挡=true
   (446,21) 字符=# 阻挡=true
   (447,21) 字符=. 阻挡=false
   (444,22) 字符=. 阻挡=false
   (445,22) 字符=. 阻挡=false
   (446,22) 字符=# 阻挡=true
   (447,22) 字符=. 阻挡=false
   (444,23) 字符=. 阻挡=false
   (445,23) 字符=. 阻挡=false
   (446,23) 字符=# 阻挡=true
   (447,23) 字符=. 阻挡=false
   (444,24) 字符=# 阻挡=true
   (445,24) 字符=. 阻挡=false
   (446,24) 字符=# 阻挡=true
   (447,24) 字符=. 阻挡=false
   (444,25) 字符=# 阻挡=true
   (445,25) 字符=# 阻挡=true
   (446,25) 字符=# 阻挡=true
   (447,25) 字符=# 阻挡=true
 20 .................
 21 ........##.......
 22 .........#.......
 23 .........#...#...
 24 ########.#.####.#
 25 #################
 26 #################
 27 #################
     钥匙：拿到=["key_f1"] 场上=[{ "name": "key_f1", "cell": (177, 26), "taken": true }] 门=[{ "mid": "gate_key_f1", "key": "key_f1", "open": true, "cells": 6 }, { "mid": "gate_switch_f1", "key": "", "open": false, "cells": 6 }]
  · 模拟 2 局：37398 ms（平均 18699 ms/局）
  ✗ [S6] 卡死率必须低（卡住 2/2；机制门/机关是主因，超过 25% 说明关卡有问题）
  · 平均每局 6928 帧（115.5 秒模拟时间）；平均击杀 7；平均承伤 20
  · 逐层通过：第1层 1 / 第2层 0 / 第3层 0
  · TTK 参考：普通敌人 1.5~3.0 秒（契约），实测中位 TTK 5.43 秒（样本 15 个敌人）
  · 难度契约 vs 实测（§4.3）
  ·   · TTK 普通敌人契约 1.5~3.0 秒
  ·   · 每层威胁上限：6 + 2×层
  ·   · 血量成长 ×(1+0.18)^(层-1)，伤害成长 ×(1+0.030)^(层-1)（伤害慢得多）

--- 无头模拟: 通过 5 / 失败 1（37738 ms）---
失败明细：
  ✗ [S6] 卡死率必须低（卡住 2/2；机制门/机关是主因，超过 25% 说明关卡有问题）

--- stderr ---
WARNING: 2987 ObjectDB instances were leaked at exit (run with `--verbose` for details).
   at: cleanup (core/object/object.cpp:2536)
ERROR: 8 resources still in use at exit (run with --verbose for details).
   at: clear (core/io/resource.cpp:822)

